// Jest Snapshot v1, https://goo.gl/fbAQLP

exports[`CtaSection matches snapshot 1`] = `
<DocumentFragment>
  <section
    class="bg-blue-600 dark:bg-black text-white py-16"
  >
    <div
      class="container mx-auto px-5"
    >
      <div
        class="flex flex-col lg:flex-row gap-10"
      >
        <div
          class="lg:w-2/3"
        >
          <h2
            class="text-3xl font-semibold mb-4"
          >
            Ready to Discover Amazing Products?
          </h2>
          <p
            class="text-lg opacity-90 mb-6 max-w-2xl"
          >
            Join thousands of shoppers finding unique items from independent creators. Start shopping today with our 30-day satisfaction guarantee.
          </p>
          <div
            class="flex flex-col sm:flex-row gap-4"
          >
            <button
              class="bg-white dark:bg-gray-300 text-blue-600 px-5 py-3 rounded-md font-medium hover:bg-gray-300 transition flex items-center justify-center"
            >
              Start Shopping Today 
              <svg
                data-testid="arrow-right"
              />
            </button>
            <button
              class="bg-transparent border border-white px-5 py-3 rounded-md font-medium dark:hover:bg-gray-600 hover:bg-gary-300 hover:bg-opacity-10 transition flex items-center justify-center"
            >
              <svg
                data-testid="play"
              />
               Watch Demo
            </button>
          </div>
        </div>
        <div
          class="lg:w-1/3 bg-white dark:bg-gray-300 rounded-lg p-6 text-gray-900"
        >
          <h3
            class="text-lg font-semibold mb-5"
          >
            Shopper Benefits
          </h3>
          <ul
            class="space-y-3"
          >
            <li
              class="flex items-start"
            >
              <svg
                data-testid="check"
              />
              <span
                class="text-sm"
              >
                Free shipping on orders over $30
              </span>
            </li>
            <li
              class="flex items-start"
            >
              <svg
                data-testid="check"
              />
              <span
                class="text-sm"
              >
                Easy returns within 30 days
              </span>
            </li>
            <li
              class="flex items-start"
            >
              <svg
                data-testid="check"
              />
              <span
                class="text-sm"
              >
                Secure payment processing
              </span>
            </li>
            <li
              class="flex items-start"
            >
              <svg
                data-testid="check"
              />
              <span
                class="text-sm"
              >
                Direct communication with sellers
              </span>
            </li>
            <li
              class="flex items-start"
            >
              <svg
                data-testid="check"
              />
              <span
                class="text-sm"
              >
                24/7 customer support
              </span>
            </li>
          </ul>
        </div>
      </div>
    </div>
  </section>
</DocumentFragment>
`;
