// Jest Snapshot v1, https://goo.gl/fbAQLP

exports[`Hero Component matches snapshot 1`] = `
<DocumentFragment>
  <section
    class="bg-gradient-to-br from-blue-500/40 dark:from-blue-700/30 via-transparent to-transparent text-white p-6 md:p-16 lg:p-28"
  >
    <div
      class="container mx-auto"
    >
      <div
        class="flex flex-col md:flex-row items-center gap-10"
      >
        <div
          class="flex-1 text-center md:text-left"
        >
          <h1
            class="text-3xl sm:text-4xl md:text-5xl text-primary font-bold mb-4"
          >
            Discover Unique Products
          </h1>
          <p
            class="text-base sm:text-lg text-primary opacity-90 mb-6 max-w-lg mx-auto md:mx-0"
          >
            Shop directly from independent creators and boutique stores all in one place. Support local businesses while finding products you'll love.
          </p>
          <button
            class="inline-flex items-center justify-center gap-2 whitespace-nowrap font-medium transition-all disabled:pointer-events-none disabled:opacity-50 [&_svg]:pointer-events-none [&_svg:not([class*='size-'])]:size-4 shrink-0 [&_svg]:shrink-0 outline-none focus-visible:border-ring focus-visible:ring-ring/50 focus-visible:ring-[3px] aria-invalid:ring-destructive/20 dark:aria-invalid:ring-destructive/40 aria-invalid:border-destructive border bg-background shadow-xs hover:bg-accent hover:text-accent-foreground dark:bg-input/30 dark:border-input dark:hover:bg-input/50 h-9 has-[>svg]:px-3 px-6 py-4 sm:px-8 sm:py-6 text-base sm:text-lg border-primary text-primary rounded-xl"
            data-slot="button"
          >
            Get Started 
            <svg
              data-testid="arrow-right"
            />
          </button>
        </div>
        <div
          class="flex-1 w-full h-60 sm:h-72 md:h-80 bg-gray-200 rounded-lg flex items-center justify-center text-gray-500 text-sm sm:text-base"
        >
          <span>
            Shopping Experience Image
          </span>
        </div>
      </div>
    </div>
  </section>
</DocumentFragment>
`;
