// Jest Snapshot v1, https://goo.gl/fbAQLP

exports[`CtaSection Component matches snapshot 1`] = `
<DocumentFragment>
  <section
    class="bg-blue-600 dark:bg-black text-white py-16"
    data-testid="cta-section"
    role="region"
  >
    <div
      class="container mx-auto px-5"
      data-testid="cta-container"
    >
      <div
        class="flex flex-col lg:flex-row gap-10"
      >
        <div
          class="lg:w-2/3"
        >
          <h2
            class="text-3xl font-semibold mb-4"
          >
            Ready to Discover Amazing Products?
          </h2>
          <p
            class="text-lg opacity-90 mb-6 max-w-2xl"
          >
            Join thousands of sellers who are thriving on our platform.Start selling today with our risk-free 30-day trail
          </p>
          <div
            class="flex flex-col sm:flex-row gap-4"
          >
            <button
              class="bg-white dark:bg-gray-300 text-blue-600 px-5 py-3 rounded-md font-medium hover:bg-gray-300 transition flex items-center justify-center"
            >
              Start Selling Today 
              <span
                data-testid="arrow-right"
              />
            </button>
            <button
              class="bg-transparent border border-white px-5 py-3 rounded-md font-medium dark:hover:bg-gray-600 hover:bg-gray-300 hover:bg-opacity-10 transition flex items-center justify-center"
            >
              <span
                data-testid="play-icon"
              />
               Watch Demo
            </button>
          </div>
        </div>
        <div
          class="lg:w-1/3 bg-white dark:bg-gray-300 rounded-lg p-6 text-gray-900"
          data-testid="benefits-card"
        >
          <h3
            class="text-lg font-semibold mb-5"
          >
            Shopper Benefits
          </h3>
          <ul
            class="space-y-3"
          >
            <li
              class="flex items-start"
            >
              <span
                data-testid="check-icon"
              />
              <span
                class="text-sm"
              >
                No commision fees
              </span>
            </li>
            <li
              class="flex items-start"
            >
              <span
                data-testid="check-icon"
              />
              <span
                class="text-sm"
              >
                Easy-to-use dashboard
              </span>
            </li>
            <li
              class="flex items-start"
            >
              <span
                data-testid="check-icon"
              />
              <span
                class="text-sm"
              >
                local customers targeting
              </span>
            </li>
            <li
              class="flex items-start"
            >
              <span
                data-testid="check-icon"
              />
              <span
                class="text-sm"
              >
                Secure payment processing
              </span>
            </li>
            <li
              class="flex items-start"
            >
              <span
                data-testid="check-icon"
              />
              <span
                class="text-sm"
              >
                24/7 seller support
              </span>
            </li>
          </ul>
        </div>
      </div>
    </div>
  </section>
</DocumentFragment>
`;
